# Default command map for dterm

# Programs
hello=/programs/hello/hello.dex
ls=/programs/ls/ls.dex
gdterm=/programs/gdterm/gdterm.dex
launcher=/programs/launcher/launcher.dex
devmgr=/programs/devmgr/devmgr.dex

# Test Programs
helloc=programs/helloc++/helloc++.dex
ptest=/programs/ptest/ptest.dex
ttest=/programs/ttest/ttest.dex
brktest=/programs/brktest/brktest.dex
malloctest=/programs/malloctest/malloctest.dex
strtest=/programs/strtest/strtest.dex
testlower=/programs/testlower/testlower.dex
testcmp=/programs/testcmp/testcmp.dex
testcall=/programs/testcall/testcall.dex
filetest=/programs/filetest/filetest.dex
wad=/programs/testwad/testwad.dex
wrtest=/programs/writetest/writetest.dex
threadtest=/programs/threadtest/threadtest.dex
fpstest=/programs/fpstest/fpstest.dex
mousetest=/programs/mousetest/mousetest.dex
sigtest=/programs/sigtest/sigtest.dex
menutest=/programs/menutest/menutest.dex
iptest=/programs/iptest/iptest.dex
ping=/programs/ping/ping.dex

# Games
doom=/games/doom/doom.dex
quake=/games/quake/quake.dex
